keith@Forty2-iMac:~/Documents/GitHub/extend-calendar$ ls webpack.config.js
webpack.config.js
keith@Forty2-iMac:~/Documents/GitHub/extend-calendar$ ls package.json
package.json
keith@Forty2-iMac:~/Documents/GitHub/extend-calendar$ ls js/src/forum/index.js
js/src/forum/index.js
keith@Forty2-iMac:~/Documents/GitHub/extend-calendar$ npm ls flarum-webpack-config
extend-calendar@ /home/keith/Documents/GitHub/extend-calendar
└── flarum-webpack-config@2.0.2

keith@Forty2-iMac:~/Documents/GitHub/extend-calendar$ ^C
keith@Forty2-iMac:~/Documents/GitHub/extend-calendar$ realpath js/src/forum/index.js
/home/keith/Documents/GitHub/extend-calendar/js/src/forum/index.js
keith@Forty2-iMac:~/Documents/GitHub/extend-calendar$ DEBOG=flarum-webpack-config* npm run build

> build
> webpack --mode production

ERROR: No JS entrypoints could be found.
webpack 5.105.2 compiled successfully in 66 ms
keith@Forty2-iMac:~/Documents/GitHub/extend-calendar$ 

